NAME             |CURRENT_WORKSPACE  |WORKSPACES
awesome-project  |/tmp               |tmp
NAME             |CURRENT_WORKSPACE  |WORKSPACES
awesome-project  |/tmp               |tmp
