NAME  |CURRENT_WORKSPACE  |WORKSPACES
pj    |/pj                |pj
