NAME  |CURRENT_WORKSPACE  |WORKSPACES
      |                   |
