NAME  |CURRENT_WORKSPACE  |WORKSPACES
tmp   |/tmp               |tmp
